
> social-media-client@0.1.0 test
> jest --passWithNoTests --passWithNoTests

node.exe : 
'jest' is not 
recognized as 
an internal or 
external 
command,
At line:1 char:1
+ & "C:\Program 
Files\nodejs/nod
e.exe" 
"C:\Program File
s\nodejs/node_mo
 ...
+ ~~~~~~~~~~~~~~
~~~~~~~~~~~~~~~~
~~~~~~~~~~~~~~~~
~~~~~~~~~~~~~~~~
~~~~~~~
    + CategoryI 
   nfo          
    : NotSpec   
 ified: ('je    
st' is not     
r...ternal     
command,:St    
ring) [], R    
emoteExcept    
ion
    + FullyQual 
   ifiedErrorI  
  d : NativeC   
 ommandError
 
operable 
program or 
batch file.
